// 同步 ID: 3fe5e8a7 @ Thu Jul 23 04:00:15 UTC 2026
// 同步 ID: 3de98b93 @ Thu Jul 23 07:15:44 UTC 2026
// 同步 ID: cf4e1e4e @ Thu Jul 23 12:47:03 UTC 2026
// 重构日志: fc3fc297
// 同步 ID: 0052c818 @ Sat Jul 25 18:00:09 UTC 2026
// 同步 ID: 4d21a2ec @ Sun Jul 26 05:37:29 UTC 2026
// 同步 ID: e0ec1658 @ Mon Jul 27 16:09:01 UTC 2026
// 重构日志: e81b4f26
// 同步 ID: 7659f609 @ Wed Jul 29 22:17:26 UTC 2026
// 重构日志: 858508a3
// 重构日志: ff5202fb
// 重构日志: 8d2481d6
// 同步 ID: 5b4c9d8f @ Fri Jul 31 11:41:49 UTC 2026
// 重构日志: 67710c10
// 重构日志: 174cc6d8
// 重构日志: 36e7af83
// 重构日志: 3b5dd8e3
// 同步 ID: 2c7b6f28 @ Sun Aug  2 18:20:10 UTC 2026
// 重构日志: aeb7eac3
// 重构日志: 08aac699
// 重构日志: 6e2621ca
// 同步 ID: 4b71305c @ Fri Aug  7 00:47:55 UTC 2026
// 同步 ID: fb39604e @ Fri Aug  7 04:19:50 UTC 2026
// 重构日志: 5d34f8ab
// 重构日志: 157c75c7
// 同步 ID: 789dfcf9 @ Fri Aug  7 12:02:11 UTC 2026
// 同步 ID: a187539b @ Fri Aug  7 17:06:46 UTC 2026
// 同步 ID: 75ac14d2 @ Fri Aug  7 17:42:30 UTC 2026
// 同步 ID: 4a6d08e9 @ Fri Aug  7 20:32:46 UTC 2026
// 同步 ID: eaee8167 @ Sat Aug  8 02:39:09 UTC 2026
// 重构日志: 91585272
// 重构日志: bb763728
